LTspice 24.1.10 for Windows
Circuit: C:\users\thomas\Documents\git\PM4\3_Hardware\6_Analog_Signal_Processing\Draft4.net
Start Time: Thu Mar  5 09:15:10 2026
solver = Normal
Maximum thread count: 16
tnom = 27
temp = 27
method = trap
Direct Newton iteration failed to find .op point.  (Use ".option noopiter" to skip.)
Starting Gmin stepping
Increasing initial diagonal Gmin to 100
Increasing initial diagonal Gmin to 1000
Increasing initial diagonal Gmin to 10000
Increasing initial diagonal Gmin to 100000
Increasing initial diagonal Gmin to 1e+06
Initial Gmin=1e+06 failed
Gmin stepping failed

Starting source stepping with srcstepmethod=0
Source Step = 3.0303%
Source Step = 33.3333%
Source Step = 63.6364%
Source Step = 93.9394%
Source stepping succeeded in finding the operating point.

Total elapsed time: 0.146 seconds.

Files loaded:
C:\users\thomas\Documents\git\PM4\3_Hardware\6_Analog_Signal_Processing\Draft4.net
C:\users\thomas\AppData\Local\LTspice\lib\sub\UniversalOpAmp2.lib

