LTspice 24.1.10 for Windows
Circuit: C:\users\thomas\Documents\git\PM4\3_Hardware\6_Analog_Signal_Processing\IF_amp_V2.net
Start Time: Thu Feb 26 15:30:53 2026
solver = Normal
Maximum thread count: 16
tnom = 27
temp = 27
method = trap
Direct Newton iteration failed to find .op point.  (Use ".option noopiter" to skip.)
Starting Gmin stepping
Gmin = 10
Gmin = 1.07374
Gmin = 0.115292
Gmin = 0.0123794
Gmin = 0.00132923
Gmin = 0.000142725
Gmin = 1.5325e-05
Gmin = 1.6455e-06
Gmin = 1.76685e-07
Gmin = 1.89714e-08
vernier = 0.5
vernier = 0.25
vernier = 0.125
vernier = 0.0625
vernier = 0.0833333
Gmin = 2.14975e-08
vernier = 0.111111
Gmin = 1.6909e-08
vernier = 0.148148
vernier = 0.197531
Gmin = 1.14459e-08
vernier = 0.263374
vernier = 0.351165
Gmin = 6.21073e-09
vernier = 0.46822
Gmin = 2.34445e-09
vernier = 0.624294
vernier = 0.832392
Gmin = 4.98595e-10
vernier = 1
Gmin = 5.93023e-11
Gmin = 6.36753e-12
Gmin = 6.83709e-13
Gmin = 0
Gmin stepping succeeded in finding the operating point.


Simulation stopped by user.
Total elapsed time: 31.307 seconds.

Files loaded:
C:\users\thomas\Documents\git\PM4\3_Hardware\6_Analog_Signal_Processing\IF_amp_V2.net
C:\users\thomas\AppData\Local\LTspice\lib\sub\UniversalOpAmp2.lib

